------------------------------------------------------------
TimeQuest Timing Analyzer Summary
------------------------------------------------------------

Type  : Slow 1200mV 85C Model Setup 'clk_pixel:inst1|inst'
Slack : -2.117
TNS   : -40.001

Type  : Slow 1200mV 85C Model Setup 'clk'
Slack : 0.102
TNS   : 0.000

Type  : Slow 1200mV 85C Model Hold 'clk'
Slack : -0.125
TNS   : -0.125

Type  : Slow 1200mV 85C Model Hold 'clk_pixel:inst1|inst'
Slack : 0.581
TNS   : 0.000

Type  : Slow 1200mV 85C Model Minimum Pulse Width 'clk'
Slack : -3.000
TNS   : -4.000

Type  : Slow 1200mV 85C Model Minimum Pulse Width 'clk_pixel:inst1|inst'
Slack : -1.000
TNS   : -26.000

Type  : Slow 1200mV 0C Model Setup 'clk_pixel:inst1|inst'
Slack : -1.807
TNS   : -33.662

Type  : Slow 1200mV 0C Model Setup 'clk'
Slack : 0.201
TNS   : 0.000

Type  : Slow 1200mV 0C Model Hold 'clk'
Slack : -0.183
TNS   : -0.183

Type  : Slow 1200mV 0C Model Hold 'clk_pixel:inst1|inst'
Slack : 0.521
TNS   : 0.000

Type  : Slow 1200mV 0C Model Minimum Pulse Width 'clk'
Slack : -3.000
TNS   : -4.000

Type  : Slow 1200mV 0C Model Minimum Pulse Width 'clk_pixel:inst1|inst'
Slack : -1.000
TNS   : -26.000

Type  : Fast 1200mV 0C Model Setup 'clk_pixel:inst1|inst'
Slack : -0.714
TNS   : -10.618

Type  : Fast 1200mV 0C Model Setup 'clk'
Slack : 0.291
TNS   : 0.000

Type  : Fast 1200mV 0C Model Hold 'clk'
Slack : -0.108
TNS   : -0.108

Type  : Fast 1200mV 0C Model Hold 'clk_pixel:inst1|inst'
Slack : 0.311
TNS   : 0.000

Type  : Fast 1200mV 0C Model Minimum Pulse Width 'clk'
Slack : -3.000
TNS   : -4.044

Type  : Fast 1200mV 0C Model Minimum Pulse Width 'clk_pixel:inst1|inst'
Slack : -1.000
TNS   : -26.000

------------------------------------------------------------
